// Jest Snapshot v1, https://goo.gl/fbAQLP

exports[`basic json value 1`] = `
"item: 
pi:3.14
randomItem:6
metalColor:gold
metalValue:200
description:this is a gold ring that is worth 200Second: 
value:special 324
value2:324"
`;
