// Jest Snapshot v1, https://goo.gl/fbAQLP

exports[`basic json value 1`] = `""`;
